0.75" ply: 50 parts, 17 distinct types, 98.6 sqft, area floor 3.08 sheets
0.5" ply: 151 parts, 75 distinct types, 354.3 sqft, area floor 11.07 sheets
area floor: 0.75"=3.08->4, 0.5"=11.07->12
integer lower bound (per-thickness, kerf ignored): 16 sheets

  [   0] $1,616.25  (17 sheets $1,080 + 7.2h $536)  rips=48 stops=32 adj=16 cross=96 trims=20
  [   3] $1,575.62  (17 sheets $1,080 + 6.6h $496)  rips=53 stops=32 adj=21 cross=101 trims=13
  [   6] $1,571.25  (16 sheets $1,020 + 7.3h $551)  rips=48 stops=29 adj=19 cross=94 trims=27
  [   7] $1,561.88  (16 sheets $1,020 + 7.2h $542)  rips=47 stops=30 adj=17 cross=91 trims=23
  [  14] $1,558.75  (16 sheets $1,020 + 7.2h $539)  rips=48 stops=31 adj=17 cross=98 trims=23
  [  21] $1,558.12  (16 sheets $1,020 + 7.2h $538)  rips=48 stops=31 adj=17 cross=99 trims=23
  [  50] $1,555.00  (17 sheets $1,080 + 6.3h $475)  rips=54 stops=33 adj=21 cross=102 trims=9
  [  61] $1,552.50  (16 sheets $1,020 + 7.1h $532)  rips=49 stops=28 adj=21 cross=94 trims=23

120 restarts in 688.9s (0 invalid)
score spread: best $1,552  median $1,636  worst $1,753

==================================================================
BEST  params={'jitter': 0.06, 'trim_weight': 0.5, 'temp0': 15.0, 'ruin_frac': 0.2}
==================================================================
  total cost              $1,552.50
    material              $1,020.00  (16 sheets)
    labour                $532.50  (426 min = 7.10 h)
  sheets                  16   0.75"x4  0.5"x12
  track saw cuts          49
    stop adjustments      28  (@5 min)
    reusing prev stop     21  (@1 min)
  mitre saw cuts          94
  track saw crosscuts     107  (strip wider than mitre capacity)
  trim cuts               23  (22 stop settings)
  parts produced          201 / 201
  sheet utilisation       88.5%
  area floor              14.15 sheets fractional; integer bound 16
  gap to lower bound      0 sheet(s)
    0.75" ply               4 sheets  (floor 3.08 -> 4, gap 0)
    0.5" ply               12 sheets  (floor 11.07 -> 12, gap 0)

saved out/final_nonexact.pkl
