0.75" ply: 50 parts, 17 distinct types, 98.6 sqft, area floor 3.08 sheets
0.5" ply: 151 parts, 75 distinct types, 354.3 sqft, area floor 11.07 sheets
area floor: 0.75"=3.08->4, 0.5"=11.07->12
integer lower bound (per-thickness, kerf ignored): 16 sheets

  [   0] $1,785.62  (21 sheets $1,320 + 6.2h $466)  rips=64 stops=41 adj=23 cross=113 trims=0
  [   1] $1,726.88  (20 sheets $1,260 + 6.2h $467)  rips=64 stops=41 adj=23 cross=111 trims=0
  [   3] $1,725.62  (20 sheets $1,260 + 6.2h $466)  rips=64 stops=41 adj=23 cross=113 trims=0
  [  11] $1,718.75  (20 sheets $1,260 + 6.1h $459)  rips=62 stops=40 adj=22 cross=112 trims=0

70 restarts in 454.6s (0 invalid)
score spread: best $1,719  median $1,732  worst $1,862

==================================================================
BEST  params={'jitter': 0.06, 'trim_weight': 1000000.0, 'temp0': 0.0, 'ruin_frac': 0.45}
==================================================================
  total cost              $1,718.75
    material              $1,260.00  (20 sheets)
    labour                $458.75  (367 min = 6.12 h)
  sheets                  20   0.75"x4  0.5"x16
  track saw cuts          62
    stop adjustments      40  (@5 min)
    reusing prev stop     22  (@1 min)
  mitre saw cuts          112
  track saw crosscuts     89  (strip wider than mitre capacity)
  trim cuts               0  (0 stop settings)
  parts produced          201 / 201
  sheet utilisation       70.8%
  area floor              14.15 sheets fractional; integer bound 16
  gap to lower bound      4 sheet(s)
    0.75" ply               4 sheets  (floor 3.08 -> 4, gap 0)
    0.5" ply               16 sheets  (floor 11.07 -> 12, gap 4)

saved out/final_exact.pkl
